// Jest Snapshot v1, https://goo.gl/fbAQLP

exports[`[V4] 存储键注册表机械穷举哨兵 🔴 注册表形状快照(变更必须 jest -u 显式留痕;降级 kind 必须说明理由) 1`] = `
Array [
  "CalculatorFormula :: user-data :: backup=true",
  "HorosaLocalDeepLearn :: user-data :: backup=true",
  "commtoolstab :: settings :: backup=true",
  "globalSetup :: settings :: backup=true",
  "horosa.ai.analysis.ui.v3 :: settings :: backup=true",
  "horosa.ai.analysis.v1 :: user-data :: backup=dedicated",
  "horosa.ai.export.settings.v1 :: settings :: backup=true",
  "horosa.ai.mount.techniqueDefaults.v1 :: settings :: backup=true",
  "horosa.ai.snapshot.* :: cache :: backup=false",
  "horosa.astro.customAyanamsa.v1 :: settings :: backup=true",
  "horosa.astro.customTerms.v1 :: settings :: backup=true",
  "horosa.astroTimeline.v1 :: settings :: backup=true",
  "horosa.backup.lastResult :: device-local :: backup=false",
  "horosa.boot.lastChart.v1 :: device-local :: backup=false",
  "horosa.chart.classicalGlobals.v1 :: settings :: backup=true",
  "horosa.chart.divinationJudgeGlobals.v1 :: settings :: backup=true",
  "horosa.compat.alignZoom :: device-local :: backup=false",
  "horosa.compat.hasFallback :: device-local :: backup=false",
  "horosa.debug.* :: device-local :: backup=false",
  "horosa.deleted.log.v1 :: user-data :: backup=true",
  "horosa.egypt.school.v1 :: settings :: backup=true",
  "horosa.feigong.settings.v1 :: settings :: backup=true",
  "horosa.guadesc.cache.* :: cache :: backup=false",
  "horosa.guice.settings.v1 :: settings :: backup=true",
  "horosa.guolao.engineMode :: settings :: backup=true",
  "horosa.guolao.kinastroQizheng.options :: settings :: backup=true",
  "horosa.india.rectify.prefs.v1 :: settings :: backup=true",
  "horosa.lc.idb :: device-local :: backup=false",
  "horosa.lc.lifeEvents.v1 :: user-data :: backup=true",
  "horosa.lifespan.method :: settings :: backup=true",
  "horosa.lingqi.settings.v1 :: settings :: backup=true",
  "horosa.liuyao.settings.v1 :: settings :: backup=true",
  "horosa.localCases.trash.v1 :: user-data :: backup=dedicated",
  "horosa.localCases.v1 :: user-data :: backup=dedicated",
  "horosa.localCharts.trash.v1 :: user-data :: backup=dedicated",
  "horosa.localCharts.v1 :: user-data :: backup=dedicated",
  "horosa.localRecordStore.degraded :: device-local :: backup=false",
  "horosa.localRecordStore.newerSchema :: device-local :: backup=false",
  "horosa.localcalc.* :: cache :: backup=false",
  "horosa.map.consent.v1 :: device-local :: backup=false",
  "horosa.mundane.region.user.v1 :: user-data :: backup=true",
  "horosa.pd.columns.v1 :: settings :: backup=true",
  "horosa.pd.orb.v1 :: settings :: backup=true",
  "horosa.pd.pageSize :: settings :: backup=true",
  "horosa.pdsphere.* :: settings :: backup=true",
  "horosa.perf.* :: device-local :: backup=false",
  "horosa.reader.chapter.* :: cache :: backup=false",
  "horosa.record.revisions.v1 :: device-local :: backup=false",
  "horosa.reminders.enabled.v1 :: settings :: backup=true",
  "horosa.report.debugLog :: device-local :: backup=false",
  "horosa.report.glossary.global.v1 :: user-data :: backup=true",
  "horosa.report.prefill.v1 :: settings :: backup=true",
  "horosa.report.thinkingLevel :: settings :: backup=true",
  "horosa.sec.aiBodyEncrypt :: settings :: backup=true",
  "horosa.shell.zoom :: device-local :: backup=false",
  "horosa.sidebar.collapse.v1 :: settings :: backup=true",
  "horosa.storage.persisted :: device-local :: backup=false",
  "horosa.tarot.dailyLog :: user-data :: backup=true",
  "horosa.tarot.personalMeanings :: user-data :: backup=true",
  "horosa.test.third.v1 :: device-local :: backup=false",
  "horosa.ui.lightFlavor :: settings :: backup=true",
  "horosa.ui.skipDeleteConfirm.v1 :: settings :: backup=true",
  "horosa.uranian.dial.v1 :: settings :: backup=true",
  "horosa.uranian.gephem.v1 :: settings :: backup=true",
  "horosa.window.size.v1 :: device-local :: backup=false",
  "horosa.xiaochengtu.settings.v1 :: settings :: backup=true",
  "horosa.xiaoliuren.settings.v1 :: settings :: backup=true",
  "horosa.xuanshi.bookmarks.v1 :: user-data :: backup=true",
  "horosa.xuanshi.history.v1 :: user-data :: backup=true",
  "horosa.xuanshi.state.v1 :: settings :: backup=true",
  "horosa.zeri.qimen.schemes.v1 :: user-data :: backup=true",
  "horosa.zeri.schemes.v1 :: user-data :: backup=true",
  "horosaBackendIdentityOff :: settings :: backup=true",
  "horosaGeomancyHistory :: user-data :: backup=true",
  "horosaGuolao* :: settings :: backup=true",
  "horosaGuolaoLifeMode :: settings :: backup=true",
  "horosaUpdateUiV2 :: device-local :: backup=false",
  "liureng* :: settings :: backup=true",
  "readerBook :: settings :: backup=true",
  "suzhan* :: settings :: backup=true",
  "xuanshi:density:events :: settings :: backup=true",
  "ziwei* :: settings :: backup=true",
  "ziweiBrightnessCustom :: user-data :: backup=true",
  "ziweiLateZiMigrated :: device-local :: backup=false",
  "ziweiSihuaCustom :: user-data :: backup=true",
]
`;

exports[`[V5-C5] 记录迁移链 hash 锁 🔴 历史迁移步骤逐字节冻结(改历史=红;新增步骤=快照追加留痕) 1`] = `"1行:e3b0c44298fc1c149afbf4c8996fb92427ae41e4649b934ca495991b7852b855"`;
